// Jest Snapshot v1, https://goo.gl/fbAQLP

exports[`should render expense list item 1`] = `
<div>
  <Link
    replace={false}
    to="/edit/1"
  >
    <h3>
      The expense 
      Gum
    </h3>
  </Link>
  <p>
    is of total amount 
    195
     created at 
    0
  </p>
</div>
`;
